--- Player's journal | start: 4/23/2026 9:18:40 AM ---
[4/23/2026 9:18:40 AM][INFO] Twisted branches block out the moonlight. You feel watched.

[4/23/2026 9:18:59 AM][INFO] You just bumped into a wall...

[4/23/2026 9:18:59 AM][INFO] You just bumped into a wall...

[4/23/2026 9:19:00 AM][INFO] You just bumped into a wall...

[4/23/2026 9:19:00 AM][INFO] You just bumped into a wall...

[4/23/2026 9:19:00 AM][INFO] You just bumped into a wall...

[4/23/2026 9:19:00 AM][INFO] Added Hunter's Bow to inventory.

[4/23/2026 9:19:02 AM][INFO] Added Hunter's Bow to inventory.

[4/23/2026 9:19:03 AM][INFO] Attacking (Shadow Weaver) for 0 dmg. (0 reduced by 0 armor)

[4/23/2026 9:19:03 AM][INFO] Shadow Weaver fights back dealing 0 dmg. (10 reduced by your 20 defense)

[4/23/2026 9:19:06 AM][INFO] You just bumped into a wall...

[4/23/2026 9:19:06 AM][INFO] You just bumped into a wall...

[4/23/2026 9:19:06 AM][INFO] You just bumped into a wall...

[4/23/2026 9:19:06 AM][INFO] You just bumped into a wall...

[4/23/2026 9:19:06 AM][INFO] You just bumped into a wall...

[4/23/2026 9:19:06 AM][INFO] You just bumped into a wall...

[4/23/2026 9:19:06 AM][INFO] You just bumped into a wall...

[4/23/2026 9:19:06 AM][INFO] You just bumped into a wall...

[4/23/2026 9:19:06 AM][INFO] You just bumped into a wall...

[4/23/2026 9:19:06 AM][INFO] You just bumped into a wall...

[4/23/2026 9:19:06 AM][INFO] You just bumped into a wall...

[4/23/2026 9:19:06 AM][INFO] You just bumped into a wall...

[4/23/2026 9:19:06 AM][INFO] You just bumped into a wall...

[4/23/2026 9:19:06 AM][INFO] You just bumped into a wall...

[4/23/2026 9:19:06 AM][INFO] You just bumped into a wall...

[4/23/2026 9:19:06 AM][INFO] You just bumped into a wall...

[4/23/2026 9:19:06 AM][INFO] You just bumped into a wall...

[4/23/2026 9:19:07 AM][INFO] You just bumped into a wall...

[4/23/2026 9:19:07 AM][INFO] You just bumped into a wall...

[4/23/2026 9:19:07 AM][INFO] You just bumped into a wall...

[4/23/2026 9:19:07 AM][INFO] You just bumped into a wall...

[4/23/2026 9:19:07 AM][INFO] You just bumped into a wall...

[4/23/2026 9:19:07 AM][INFO] You just bumped into a wall...

[4/23/2026 9:19:07 AM][INFO] You just bumped into a wall...

[4/23/2026 9:19:07 AM][INFO] You just bumped into a wall...

[4/23/2026 9:19:07 AM][INFO] You just bumped into a wall...

[4/23/2026 9:19:07 AM][INFO] You just bumped into a wall...

[4/23/2026 9:19:07 AM][INFO] You just bumped into a wall...

[4/23/2026 9:19:07 AM][INFO] You just bumped into a wall...

[4/23/2026 9:19:07 AM][INFO] You just bumped into a wall...

[4/23/2026 9:19:07 AM][INFO] You just bumped into a wall...

[4/23/2026 9:19:07 AM][INFO] You just bumped into a wall...

[4/23/2026 9:19:08 AM][INFO] Inventory Management State

[4/23/2026 9:19:08 AM][INFO] Move State

[4/23/2026 9:19:08 AM][INFO] Inventory Management State

[4/23/2026 9:19:08 AM][INFO] Move State

[4/23/2026 9:19:08 AM][INFO] Inventory Management State

[4/23/2026 9:19:08 AM][INFO] Move State

[4/23/2026 9:19:08 AM][INFO] Inventory Management State

[4/23/2026 9:19:08 AM][INFO] Move State

[4/23/2026 9:19:08 AM][INFO] Inventory Management State

[4/23/2026 9:19:08 AM][INFO] Move State

[4/23/2026 9:19:09 AM][INFO] Inventory Management State

[4/23/2026 9:19:09 AM][INFO] Move State

[4/23/2026 9:19:09 AM][INFO] Inventory Management State

[4/23/2026 9:19:09 AM][INFO] Move State

[4/23/2026 9:19:09 AM][INFO] Inventory Management State

[4/23/2026 9:19:09 AM][INFO] Move State

[4/23/2026 9:19:09 AM][INFO] Inventory Management State

[4/23/2026 9:19:09 AM][INFO] Move State

[4/23/2026 9:19:09 AM][INFO] Inventory Management State

[4/23/2026 9:19:09 AM][INFO] Move State

[4/23/2026 9:19:09 AM][INFO] Inventory Management State

[4/23/2026 9:19:09 AM][INFO] Move State

[4/23/2026 9:19:28 AM][ERROR] Invalid key: DownArrow

[4/23/2026 9:19:28 AM][ERROR] Invalid key: DownArrow

[4/23/2026 9:19:28 AM][ERROR] Invalid key: DownArrow

[4/23/2026 9:19:28 AM][ERROR] Invalid key: DownArrow

[4/23/2026 9:19:28 AM][ERROR] Invalid key: DownArrow

[4/23/2026 9:19:28 AM][ERROR] Invalid key: DownArrow

[4/23/2026 9:19:28 AM][ERROR] Invalid key: DownArrow

[4/23/2026 9:19:28 AM][ERROR] Invalid key: DownArrow

[4/23/2026 9:19:28 AM][ERROR] Invalid key: DownArrow

[4/23/2026 9:19:28 AM][ERROR] Invalid key: DownArrow

[4/23/2026 9:19:29 AM][ERROR] Invalid key: UpArrow

[4/23/2026 9:19:29 AM][ERROR] Invalid key: UpArrow

[4/23/2026 9:19:29 AM][ERROR] Invalid key: UpArrow

[4/23/2026 9:19:29 AM][ERROR] Invalid key: UpArrow

[4/23/2026 9:19:29 AM][ERROR] Invalid key: UpArrow

