--- Player's journal | start: 4/23/2026 9:10:42 AM ---
[4/23/2026 9:10:42 AM][INFO] Your mind is consumed by the fear of the upcoming midterm (it’s tomorrow and you haven’t even studied).

[4/23/2026 9:10:53 AM][INFO] You just bumped into a wall...

[4/23/2026 9:10:54 AM][INFO] You just bumped into a wall...

[4/23/2026 9:10:54 AM][INFO] You just bumped into a wall...

[4/23/2026 9:10:54 AM][INFO] You just bumped into a wall...

[4/23/2026 9:11:00 AM][INFO] Added Tiny pen to inventory.

[4/23/2026 9:11:02 AM][INFO] You just bumped into a wall...

[4/23/2026 9:11:03 AM][INFO] Added Torn calculus notebook to inventory.

[4/23/2026 9:11:08 AM][ERROR] Invalid key: S

[4/23/2026 9:11:08 AM][ERROR] Invalid key: S

[4/23/2026 9:11:08 AM][ERROR] Invalid key: S

[4/23/2026 9:11:09 AM][ERROR] Invalid key: S

[4/23/2026 9:11:09 AM][ERROR] Invalid key: W

[4/23/2026 9:11:09 AM][ERROR] Invalid key: W

[4/23/2026 9:11:09 AM][ERROR] Invalid key: A

[4/23/2026 9:11:09 AM][ERROR] Invalid key: D

[4/23/2026 9:11:09 AM][ERROR] Invalid key: A

[4/23/2026 9:11:09 AM][ERROR] Invalid key: W

[4/23/2026 9:11:10 AM][ERROR] Invalid key: D

[4/23/2026 9:11:10 AM][ERROR] Invalid key: A

[4/23/2026 9:11:10 AM][ERROR] Invalid key: D

[4/23/2026 9:11:10 AM][ERROR] Invalid key: L

[4/23/2026 9:11:10 AM][ERROR] Invalid key: F

[4/23/2026 9:11:10 AM][ERROR] Invalid key: K

[4/23/2026 9:11:10 AM][ERROR] Invalid key: J

[4/23/2026 9:11:10 AM][ERROR] Invalid key: S

[4/23/2026 9:11:10 AM][ERROR] Invalid key: F

[4/23/2026 9:11:10 AM][ERROR] Invalid key: L

[4/23/2026 9:11:10 AM][ERROR] Invalid key: S

[4/23/2026 9:11:10 AM][ERROR] Invalid key: D

[4/23/2026 9:11:10 AM][ERROR] Invalid key: K

[4/23/2026 9:11:10 AM][ERROR] Invalid key: F

[4/23/2026 9:11:10 AM][ERROR] Invalid key: J

[4/23/2026 9:11:11 AM][ERROR] Invalid key: S

[4/23/2026 9:11:11 AM][ERROR] Invalid key: D

[4/23/2026 9:11:11 AM][ERROR] Invalid key: F

[4/23/2026 9:11:11 AM][ERROR] Invalid key: L

[4/23/2026 9:11:11 AM][ERROR] Invalid key: S

[4/23/2026 9:11:11 AM][ERROR] Invalid key: K

[4/23/2026 9:11:11 AM][ERROR] Invalid key: D

[4/23/2026 9:11:11 AM][ERROR] Invalid key: F

[4/23/2026 9:11:11 AM][ERROR] Invalid key: J

[4/23/2026 9:11:11 AM][ERROR] Invalid key: S

[4/23/2026 9:11:11 AM][ERROR] Invalid key: D

[4/23/2026 9:11:11 AM][ERROR] Invalid key: L

[4/23/2026 9:11:11 AM][ERROR] Invalid key: F

[4/23/2026 9:11:11 AM][ERROR] Invalid key: K

[4/23/2026 9:11:11 AM][ERROR] Invalid key: J

[4/23/2026 9:11:11 AM][ERROR] Invalid key: S

[4/23/2026 9:11:11 AM][ERROR] Invalid key: D

[4/23/2026 9:11:11 AM][ERROR] Invalid key: F

[4/23/2026 9:11:11 AM][ERROR] Invalid key: S

[4/23/2026 9:11:12 AM][ERROR] Invalid key: L

[4/23/2026 9:11:12 AM][ERROR] Invalid key: S

[4/23/2026 9:11:12 AM][ERROR] Invalid key: D

[4/23/2026 9:11:12 AM][ERROR] Invalid key: K

[4/23/2026 9:11:12 AM][ERROR] Invalid key: F

[4/23/2026 9:11:12 AM][ERROR] Invalid key: J

[4/23/2026 9:11:12 AM][ERROR] Invalid key: S

[4/23/2026 9:11:12 AM][ERROR] Invalid key: D

[4/23/2026 9:11:12 AM][ERROR] Invalid key: F

[4/23/2026 9:11:12 AM][ERROR] Invalid key: S

[4/23/2026 9:11:12 AM][ERROR] Invalid key: F

[4/23/2026 9:11:12 AM][ERROR] Invalid key: S

[4/23/2026 9:11:12 AM][ERROR] Invalid key: D

[4/23/2026 9:11:13 AM][ERROR] Invalid key: F

[4/23/2026 9:11:13 AM][ERROR] Invalid key: D

[4/23/2026 9:11:13 AM][ERROR] Invalid key: S

[4/23/2026 9:11:32 AM][INFO] Inventory Management State

[4/23/2026 9:11:40 AM][ERROR] Invalid key: E

[4/23/2026 9:11:42 AM][INFO] Equipped Tiny pen (Strong).

[4/23/2026 9:11:43 AM][INFO] Move State

[4/23/2026 9:11:47 AM][INFO] You just bumped into a wall...

[4/23/2026 9:11:47 AM][INFO] You just bumped into a wall...

[4/23/2026 9:11:50 AM][INFO] Attacking (sgit.mini.pw.edu.pl) for 0 dmg. (1 reduced by 2 armor)

[4/23/2026 9:11:50 AM][INFO] sgit.mini.pw.edu.pl fights back dealing 0 dmg. (5 reduced by your 20 defense)

[4/23/2026 9:11:51 AM][INFO] Attacking (sgit.mini.pw.edu.pl) for 18 dmg. (20 reduced by 2 armor)

[4/23/2026 9:11:52 AM][SUCCESS] You have slayed sgit.mini.pw.edu.pl!

[4/23/2026 9:11:55 AM][INFO] Attacking (Calculus midterm) for 20 dmg. (20 reduced by 0 armor)

[4/23/2026 9:11:56 AM][INFO] Calculus midterm fights back dealing 0 dmg. (10 reduced by your 30 defense)

[4/23/2026 9:11:58 AM][INFO] Attacking (Calculus midterm) for 1 dmg. (1 reduced by 0 armor)

[4/23/2026 9:11:58 AM][INFO] Calculus midterm fights back dealing 0 dmg. (10 reduced by your 20 defense)

[4/23/2026 9:12:00 AM][INFO] Attacking (Calculus midterm) for 20 dmg. (20 reduced by 0 armor)

[4/23/2026 9:12:00 AM][SUCCESS] You have slayed Calculus midterm!

[4/23/2026 9:12:02 AM][INFO] You just bumped into a wall...

[4/23/2026 9:12:09 AM][INFO] You just bumped into a wall...

[4/23/2026 9:12:12 AM][INFO] Attacking (Calculus midterm) for 1 dmg. (1 reduced by 0 armor)

[4/23/2026 9:12:12 AM][INFO] Calculus midterm fights back dealing 0 dmg. (10 reduced by your 20 defense)

[4/23/2026 9:12:13 AM][INFO] Attacking (Calculus midterm) for 20 dmg. (20 reduced by 0 armor)

[4/23/2026 9:12:13 AM][INFO] Calculus midterm fights back dealing 0 dmg. (10 reduced by your 30 defense)

[4/23/2026 9:12:14 AM][INFO] Attacking (Calculus midterm) for 20 dmg. (20 reduced by 0 armor)

[4/23/2026 9:12:14 AM][SUCCESS] You have slayed Calculus midterm!

