--- Player's journal | start: 4/23/2026 9:42:19 AM ---
[4/23/2026 9:42:19 AM][INFO] Your mind is consumed by the fear of the upcoming midterm (it’s tomorrow and you haven’t even studied).

[4/23/2026 9:42:30 AM][INFO] Added Discrete mathematics book to inventory.

[4/23/2026 9:42:32 AM][INFO] Inventory Management State

[4/23/2026 9:42:32 AM][INFO] Equipped Discrete mathematics book (Strong).

[4/23/2026 9:42:33 AM][INFO] Move State

[4/23/2026 9:42:34 AM][INFO] You just bumped into a wall...

[4/23/2026 9:42:40 AM][INFO] Attacking (Calculus midterm) for 1 dmg. (1 reduced by 0 armor)

[4/23/2026 9:42:40 AM][INFO] Calculus midterm fights back dealing 0 dmg. (10 reduced by your 20 defense)

[4/23/2026 9:42:42 AM][INFO] Attacking (Calculus midterm) for 12 dmg. (12 reduced by 0 armor)

[4/23/2026 9:42:42 AM][INFO] Calculus midterm fights back dealing 0 dmg. (10 reduced by your 24 defense)

[4/23/2026 9:42:46 AM][INFO] Attacking (Calculus midterm) for 1 dmg. (1 reduced by 0 armor)

[4/23/2026 9:42:46 AM][INFO] Calculus midterm fights back dealing 0 dmg. (10 reduced by your 20 defense)

[4/23/2026 9:42:46 AM][INFO] Attacking (Calculus midterm) for 12 dmg. (12 reduced by 0 armor)

[4/23/2026 9:42:46 AM][INFO] Calculus midterm fights back dealing 0 dmg. (10 reduced by your 24 defense)

[4/23/2026 9:42:47 AM][INFO] Attacking (Calculus midterm) for 1 dmg. (1 reduced by 0 armor)

[4/23/2026 9:42:47 AM][INFO] Calculus midterm fights back dealing 0 dmg. (10 reduced by your 20 defense)

[4/23/2026 9:42:48 AM][INFO] Attacking (Calculus midterm) for 1 dmg. (1 reduced by 0 armor)

[4/23/2026 9:42:48 AM][INFO] Calculus midterm fights back dealing 0 dmg. (10 reduced by your 20 defense)

[4/23/2026 9:42:48 AM][INFO] Attacking (Calculus midterm) for 1 dmg. (1 reduced by 0 armor)

[4/23/2026 9:42:48 AM][INFO] Calculus midterm fights back dealing 0 dmg. (10 reduced by your 20 defense)

[4/23/2026 9:42:48 AM][INFO] Attacking (Calculus midterm) for 1 dmg. (1 reduced by 0 armor)

[4/23/2026 9:42:48 AM][SUCCESS] You have slayed Calculus midterm!

[4/23/2026 9:42:53 AM][INFO] Added AiSD midterm answers sheet to inventory.

[4/23/2026 9:42:55 AM][INFO] Inventory Management State

[4/23/2026 9:42:57 AM][INFO] Swapped Discrete mathematics book (Strong) for AiSD midterm answers sheet (Godly).

[4/23/2026 9:42:58 AM][INFO] Move State

[4/23/2026 9:42:58 AM][INFO] You just bumped into a wall...

[4/23/2026 9:42:58 AM][INFO] You just bumped into a wall...

[4/23/2026 9:42:59 AM][ERROR] Invalid key: U

[4/23/2026 9:42:59 AM][INFO] You just bumped into a wall...

[4/23/2026 9:42:59 AM][INFO] You just bumped into a wall...

[4/23/2026 9:43:01 AM][INFO] You just bumped into a wall...

[4/23/2026 9:43:02 AM][INFO] You just bumped into a wall...

[4/23/2026 9:43:03 AM][INFO] You just bumped into a wall...

[4/23/2026 9:43:05 AM][ERROR] Invalid key: S

[4/23/2026 9:43:05 AM][ERROR] Invalid key: S

[4/23/2026 9:43:07 AM][ERROR] Invalid key: S

[4/23/2026 9:43:07 AM][ERROR] Invalid key: D

[4/23/2026 9:43:07 AM][ERROR] Invalid key: D

[4/23/2026 9:43:07 AM][ERROR] Invalid key: D

[4/23/2026 9:43:07 AM][ERROR] Invalid key: D

[4/23/2026 9:43:07 AM][ERROR] Invalid key: D

[4/23/2026 9:43:07 AM][ERROR] Invalid key: D

[4/23/2026 9:43:08 AM][ERROR] Invalid key: D

[4/23/2026 9:43:08 AM][ERROR] Invalid key: D

[4/23/2026 9:43:08 AM][ERROR] Invalid key: D

[4/23/2026 9:43:08 AM][ERROR] Invalid key: D

[4/23/2026 9:43:08 AM][ERROR] Invalid key: I

[4/23/2026 9:43:09 AM][ERROR] Invalid key: I

[4/23/2026 9:43:09 AM][ERROR] Invalid key: I

[4/23/2026 9:43:09 AM][ERROR] Invalid key: I

[4/23/2026 9:43:09 AM][ERROR] Invalid key: I

[4/23/2026 9:43:09 AM][ERROR] Invalid key: I

[4/23/2026 9:43:09 AM][ERROR] Invalid key: I

[4/23/2026 9:43:09 AM][ERROR] Invalid key: I

[4/23/2026 9:43:09 AM][ERROR] Invalid key: I

[4/23/2026 9:43:09 AM][ERROR] Invalid key: I

[4/23/2026 9:43:12 AM][INFO] Inventory Management State

[4/23/2026 9:43:12 AM][INFO] Move State

[4/23/2026 9:43:12 AM][INFO] Inventory Management State

[4/23/2026 9:43:12 AM][INFO] Move State

[4/23/2026 9:43:12 AM][INFO] Inventory Management State

[4/23/2026 9:43:12 AM][INFO] Move State

[4/23/2026 9:43:12 AM][INFO] Inventory Management State

[4/23/2026 9:43:12 AM][INFO] Move State

[4/23/2026 9:43:12 AM][INFO] Inventory Management State

[4/23/2026 9:43:13 AM][INFO] Move State

[4/23/2026 9:43:13 AM][INFO] Inventory Management State

[4/23/2026 9:43:13 AM][INFO] Move State

[4/23/2026 9:43:13 AM][INFO] Inventory Management State

[4/23/2026 9:43:13 AM][INFO] Move State

[4/23/2026 9:43:13 AM][INFO] Inventory Management State

[4/23/2026 9:43:13 AM][INFO] Move State

[4/23/2026 9:43:13 AM][INFO] Inventory Management State

[4/23/2026 9:43:13 AM][INFO] Move State

[4/23/2026 9:43:13 AM][INFO] Inventory Management State

[4/23/2026 9:43:13 AM][INFO] Move State

[4/23/2026 9:43:13 AM][INFO] Inventory Management State

[4/23/2026 9:43:13 AM][INFO] Move State

[4/23/2026 9:43:13 AM][INFO] Inventory Management State

[4/23/2026 9:43:13 AM][INFO] Move State

[4/23/2026 9:43:13 AM][INFO] Inventory Management State

[4/23/2026 9:43:13 AM][INFO] Move State

[4/23/2026 9:43:13 AM][INFO] Inventory Management State

[4/23/2026 9:43:13 AM][INFO] Move State

[4/23/2026 9:43:13 AM][INFO] Inventory Management State

[4/23/2026 9:43:14 AM][INFO] Move State

[4/23/2026 9:43:14 AM][INFO] Inventory Management State

[4/23/2026 9:43:14 AM][INFO] Move State

[4/23/2026 9:43:14 AM][INFO] Inventory Management State

[4/23/2026 9:43:14 AM][INFO] Move State

[4/23/2026 9:43:14 AM][INFO] Inventory Management State

[4/23/2026 9:43:14 AM][INFO] Move State

[4/23/2026 9:43:14 AM][INFO] Inventory Management State

[4/23/2026 9:43:14 AM][INFO] Move State

[4/23/2026 9:43:14 AM][INFO] Inventory Management State

[4/23/2026 9:43:17 AM][ERROR] Invalid key: D

[4/23/2026 9:43:17 AM][ERROR] Invalid key: A

[4/23/2026 9:43:20 AM][INFO] Move State

[4/23/2026 9:43:34 AM][INFO] You just bumped into a wall...

[4/23/2026 9:43:52 AM][LOOT] Picked x10 gold.

[4/23/2026 9:44:09 AM][INFO] You just bumped into a wall...

[4/23/2026 9:44:11 AM][INFO] You just bumped into a wall...

[4/23/2026 9:51:11 AM][ERROR] Invalid key: UpArrow

[4/23/2026 9:51:11 AM][ERROR] Invalid key: UpArrow

[4/23/2026 9:51:11 AM][ERROR] Invalid key: UpArrow

[4/23/2026 9:51:11 AM][ERROR] Invalid key: UpArrow

[4/23/2026 9:51:11 AM][ERROR] Invalid key: UpArrow

[4/23/2026 9:54:58 AM][ERROR] Invalid key: Q

